---
source: crates/tankyu-cli/tests/cli_entry.rs
expression: stdout
---
+----------+--------+-------+--------+----------------------------+------------+
| ID       | Type   | State | Signal | Title                      | Scanned    |
+==============================================================================+
| 33333333 | commit | new   | high   | feat: add entry management | 2025-01-15 |
+----------+--------+-------+--------+----------------------------+------------+
