---
source: crates/tankyu-cli/tests/cli_source.rs
expression: "String::from_utf8(out.stdout).unwrap()"
---
[{"id":"22222222-2222-2222-2222-222222222222","type":"github-repo","name":"rust-lang/rust","url":"https://github.com/rust-lang/rust","state":"active","discoveredVia":null,"discoveryReason":null,"lastCheckedAt":null,"lastNewContentAt":null,"checkCount":0,"hitCount":0,"missCount":0,"createdAt":"2025-01-01T00:00:00Z"}]
